[{"name":"IntegerValue","type":"Number","percentageBlank":"0","formula":"","min":"-2147483648","max":"2147483647","decimals":"0"},{"name":"DecimalValue","type":"Number","percentageBlank":"0","formula":"","min":"-2147483648","max":"2147483647","decimals":"2"},{"name":"CharValue","type":"Custom List","percentageBlank":"0","formula":"","selectionStyle":"random","values":["a","b","c","d","e","f","g","h","i","j","k","l","m","n","o","p","q","r","s","t","u","v","w","x","y","z","0","1","2","3","4","5","6","7","8","9"]},{"name":"StringValue","type":"Words","percentageBlank":"0","formula":"","min":"10","max":"20"},{"name":"IntArray","type":"JSON Array","percentageBlank":"0","formula":"","minItems":1,"maxItems":5},{"name":"IntArray.Int32","type":"Number","percentageBlank":"0","formula":"","min":"-2147483648","max":"2147483647","decimals":"0"},{"name":"DateValue","type":"Date","percentageBlank":"0","formula":"","min":"01/01/0001","max":"12/31/9999"},{"name":"Nested1.IntegerValue","type":"Number","percentageBlank":"0","formula":"","min":"-2147483648","max":"2147483647","decimals":"0"},{"name":"Nested1.DecimalValue","type":"Number","percentageBlank":"0","formula":"","min":"-2147483648","max":"2147483647","decimals":"2"},{"name":"Nested1.CharValue","type":"Custom List","percentageBlank":"0","formula":"","selectionStyle":"random","values":["a","b","c","d","e","f","g","h","i","j","k","l","m","n","o","p","q","r","s","t","u","v","w","x","y","z","0","1","2","3","4","5","6","7","8","9"]},{"name":"Nested1.StringValue","type":"Words","percentageBlank":"0","formula":"","min":"10","max":"20"},{"name":"Nested1.DateValue","type":"Date","percentageBlank":"0","formula":"","min":"01/01/0001","max":"12/31/9999"},{"name":"Nested1.Day","type":"Custom List","percentageBlank":"0","formula":"","selectionStyle":"random","values":["0","1","2","3","4","5","6"]},{"name":"Nested2.IntegerValue","type":"Number","percentageBlank":"0","formula":"","min":"-2147483648","max":"2147483647","decimals":"0"},{"name":"Nested2.DecimalValue","type":"Number","percentageBlank":"0","formula":"","min":"-2147483648","max":"2147483647","decimals":"2"},{"name":"Nested2.CharValue","type":"Custom List","percentageBlank":"0","formula":"","selectionStyle":"random","values":["a","b","c","d","e","f","g","h","i","j","k","l","m","n","o","p","q","r","s","t","u","v","w","x","y","z","0","1","2","3","4","5","6","7","8","9"]},{"name":"Nested2.StringValue","type":"Words","percentageBlank":"0","formula":"","min":"10","max":"20"},{"name":"Nested2.DateValue","type":"Date","percentageBlank":"0","formula":"","min":"01/01/0001","max":"12/31/9999"},{"name":"Nested2.Day","type":"Custom List","percentageBlank":"0","formula":"","selectionStyle":"random","values":["0","1","2","3","4","5","6"]},{"name":"Points","type":"JSON Array","percentageBlank":"0","formula":"","minItems":1,"maxItems":5},{"name":"Points.X","type":"Number","percentageBlank":"0","formula":"","min":"-2147483648","max":"2147483647","decimals":"0"},{"name":"Points.Y","type":"Number","percentageBlank":"0","formula":"","min":"-2147483648","max":"2147483647","decimals":"0"},{"name":"MultiLvl.Id","type":"Number","percentageBlank":"0","formula":"","min":"-2147483648","max":"2147483647","decimals":"0"},{"name":"MultiLvl.Coordinate.X","type":"Number","percentageBlank":"0","formula":"","min":"-2147483648","max":"2147483647","decimals":"0"},{"name":"MultiLvl.Coordinate.Y","type":"Number","percentageBlank":"0","formula":"","min":"-2147483648","max":"2147483647","decimals":"0"},{"name":"MultiLvl.Simple.IntegerValue","type":"Number","percentageBlank":"0","formula":"","min":"-2147483648","max":"2147483647","decimals":"0"},{"name":"MultiLvl.Simple.DecimalValue","type":"Number","percentageBlank":"0","formula":"","min":"-2147483648","max":"2147483647","decimals":"2"},{"name":"MultiLvl.Simple.CharValue","type":"Custom List","percentageBlank":"0","formula":"","selectionStyle":"random","values":["a","b","c","d","e","f","g","h","i","j","k","l","m","n","o","p","q","r","s","t","u","v","w","x","y","z","0","1","2","3","4","5","6","7","8","9"]},{"name":"MultiLvl.Simple.StringValue","type":"Words","percentageBlank":"0","formula":"","min":"10","max":"20"},{"name":"MultiLvl.Simple.DateValue","type":"Date","percentageBlank":"0","formula":"","min":"01/01/0001","max":"12/31/9999"},{"name":"MultiLvl.Simple.Day","type":"Custom List","percentageBlank":"0","formula":"","selectionStyle":"random","values":["0","1","2","3","4","5","6"]}]