10.14,erat nulla tempus vivamus in,c,2007-01-21T09:51:51+00:00
29.59,amet cursus id,b,2000-12-02T04:35:18+00:00
NumericValue,StringValue,CharValue,DateValue
