[
  {"name":"avatar","type":"Avatar","percentageBlank":"0","formula":"","height":50,"width":50},
  {"name":"tempate","type":"Template","percentageBlank":"0","formula":"","value":"{avatar}"},
  {"name":"dummy image","type":"Dummy Image URL","percentageBlank":"0","formula":"","minHeight":64,"maxHeight":256,"minWidth":64,"maxWidth":256,"format":"random"},
  {"name":"digit sequence","type":"Digit Sequence","percentageBlank":"0","formula":"","format":"###-@@@"},
  {"name":"state","type":"State","percentageBlank":"0","formula":"","onlyUSPlaces":false},
  {"name":"paragraph","type":"Paragraphs","percentageBlank":"0","formula":"","min":"1","max":"3"},
  {"name":"nato","type":"Nato Phonetic","percentageBlank":"0","formula":"","min":"10","max":"20"},
  {"name":"formula","type":"Formula","percentageBlank":"0","formula":"","value":"2+2"}
]
