[0] => { user: 'bverecker0@cloudflare.com', rating: '15895', dob: '7/21/4958' }
[1] => { user: 'cpouck1@meetup.com', rating: '44376', dob: '1/19/4990' }
[2] => { user: 'rchoppen2@apache.org', rating: '36235', dob: '10/2/6583' }
[3] => { user: 'mscammonden3@mashable.com', rating: '47521', dob: '5/2/1403' }
[4] => { user: 'pdeclerc4@booking.com', rating: '325', dob: '5/22/8496' }
[5] => { user: 'selnaugh5@yandex.ru', rating: '26028', dob: '10/30/1777' }
[6] => { user: 'hguillard6@nifty.com', rating: '9378', dob: '3/11/5490' }
[7] => { user: 'earling7@bing.com', rating: '10843', dob: '12/10/0019' }
[8] => { user: 'llippiett8@whitehouse.gov', rating: '28652', dob: '3/13/1451' }
[9] => { user: 'rmontes9@hao123.com', rating: '23023', dob: '4/2/5575' }
