NumericValue	StringValue	CharValue	DateValue
18.44	viverra dapibus nulla suscipit	b	2008-08-09T01:14:34+00:00
80.44	at vulputate vitae nisl aenean	b	2005-07-27T10:32:22+00:00
