[
  {
    "avatar": "https://robohash.org/quoquounde.png?size=50x50&set=set1",
    "tempate": "https://robohash.org/quoquounde.png?size=50x50&set=set1",
    "dummy image": "http://dummyimage.com/166x137.png/ff4444/ffffff",
    "digit sequence": "657-yat",
    "paragraph": "Fusce posuere felis sed lacus. Morbi sem mauris, laoreet ut, rhoncus aliquet, pulvinar sed, nisl. Nunc rhoncus dui vel sem.\n\nSed sagittis. Nam congue, risus semper porta volutpat, quam pede lobortis ligula, sit amet eleifend pede libero quis orci. Nullam molestie nibh in lectus.",
    "nato": "Uniform Lima November Juliett Charlie Victor Papa Foxtrot Tango Romeo Echo Quebec Kilo Delta India Mike Alfa",
    "formula": 4
  }
]