[0] => { user: 'cdroghan0@tumblr.com', rating: '62161', dob: '6/28/6101' }
[1] => { user: 'vperazzo1@seesaa.net', rating: '12384', dob: '8/27/7013' }
[2] => { user: 'kvandermerwe2@hugedomains.com', rating: '28067', dob: '6/22/8724' }
[3] => { user: 'bkuller3@epa.gov', rating: '43052', dob: '7/7/8717' }
[4] => { user: 'cleppard4@edublogs.org', rating: '34135', dob: '7/7/4465' }
