Age  ==>  Age

DOB  ==>  DOB

FullName.FirstName  ==>  FullName.FirstName

FullName.LastName  ==>  FullName.LastName

JobTitle  ==>  JobTitle

