[
  {
    "name": "Id",
    "type": "Number",
    "percentageBlank": "0",
    "formula": "",
    "min": "0",
    "max": "65535",
    "decimals": "0"
  },
  {
    "name": "Name",
    "type": "Words",
    "percentageBlank": "0",
    "formula": "",
    "min": "10",
    "max": "20"
  }
]