[
    {
        "name": "Title",
        "type": "Words",
        "percentageBlank": "0",
        "formula": "",
        "min": "3",
        "max": "5"
    },
    {
        "name": "Views",
        "type": "Number",
        "percentageBlank": "0",
        "formula": "",
        "min": "3",
        "max": "1000",
        "decimals": "0"
    },
    {
        "name": "PostDate",
        "type": "Date",
        "percentageBlank": "0",
        "formula": "",
        "min": "01/01/2000",
        "max": "01/01/2010"
    }
]