[
    
{
        "name":  "ByteValue",
         "type":  "Number",
         "percentBlank":  "0",
         "min":  "0",
         "max":  "255",
         "decimals":  "0"
    },
    
{
        "name":  "SByteValue",
         "type":  "Number",
         "percentBlank":  "0",
         "min":  "-128",
         "max":  "127",
         "decimals":  "0"
    },
    
{
        "name":  "Int16Value",
         "type":  "Number",
         "percentBlank":  "0",
         "min":  "-32768",
         "max":  "32767",
         "decimals":  "0"
    },
    
{
        "name":  "UInt16Value",
         "type":  "Number",
         "percentBlank":  "0",
         "min":  "0",
         "max":  "65535",
         "decimals":  "0"
    },
    
{
        "name":  "Int32Value",
         "type":  "Number",
         "percentBlank":  "0",
         "min":  "-2147483648",
         "max":  "2147483647",
         "decimals":  "0"
    },
    
{
        "name":  "UInt32Value",
         "type":  "Number",
         "percentBlank":  "0",
         "min":  "0",
         "max":  "2147483647",
         "decimals":  "0"
    },
    
{
        "name":  "Int64Value",
         "type":  "Number",
         "percentBlank":  "0",
         "min":  "-2147483648",
         "max":  "2147483647",
         "decimals":  "0"
    },
    
{
        "name":  "UInt64Value",
         "type":  "Number",
         "percentBlank":  "0",
         "min":  "0",
         "max":  "2147483647",
         "decimals":  "0"
    },
    
{
        "name":  "SingleValue",
         "type":  "Number",
         "percentBlank":  "0",
         "min":  "-2147483648",
         "max":  "2147483647",
         "decimals":  "2"
    },
    
{
        "name":  "DoubleValue",
         "type":  "Number",
         "percentBlank":  "0",
         "min":  "-2147483648",
         "max":  "2147483647",
         "decimals":  "2"
    },
    
{
        "name":  "DecimalValue",
         "type":  "Number",
         "percentBlank":  "0",
         "min":  "-2147483648",
         "max":  "2147483647",
         "decimals":  "2"
    },
    
{
        "name":  "CharValue",
         "type":  "Custom List",
         "percentBlank":  "0",
         "values":  [
            "a",
             "b",
             "c",
             "d",
             "e",
             "f",
             "g",
             "h",
             "i",
             "j",
             "k",
             "l",
             "m",
             "n",
             "o",
             "p",
             "q",
             "r",
             "s",
             "t",
             "u",
             "v",
             "w",
             "x",
             "y",
             "z"
        ],
         "selectionStyle":  "Random"
    },
    
{
        "name":  "StringValue",
         "type":  "Words",
         "percentBlank":  "0",
         "min":  "10",
         "max":  "20"
    }

]
